// Jest Snapshot v1, https://goo.gl/fbAQLP

exports[`getReviews returns array of reviews and adds a random play_id to the review object 1`] = `
Array [
  Object {
    "author": "Kaley Schiller",
    "body": "The fool doth think he is wise, but the wise man knows himself to be a fool.",
    "id": "9783221620868",
    "play_id": 38,
    "publish_date": "2016-09-05T23:25:47.642350Z",
    "rating": 0.8,
  },
]
`;
